[0.017s] Invoking command in '/home/keny/MANOS_ws/build/hand_detector': /usr/bin/cmake /home/keny/MANOS_ws/src/hand_detector_package -DCMAKE_INSTALL_PREFIX=/home/keny/MANOS_ws/install/hand_detector
[0.384s] -- The C compiler identification is GNU 9.4.0
[0.927s] -- The CXX compiler identification is GNU 9.4.0
[0.936s] -- Detecting C compiler ABI info
[0.978s] -- Detecting C compiler ABI info - done
[0.987s] -- Check for working C compiler: /usr/bin/cc - skipped
[0.987s] -- Detecting C compile features
[0.988s] -- Detecting C compile features - done
[0.991s] -- Detecting CXX compiler ABI info
[1.036s] -- Detecting CXX compiler ABI info - done
[1.043s] -- Check for working CXX compiler: /usr/bin/c++ - skipped
[1.043s] -- Detecting CXX compile features
[1.044s] -- Detecting CXX compile features - done
[1.046s] -- Found ament_cmake: 1.1.6 (/opt/ros/galactic/share/ament_cmake/cmake)
[1.067s] -- Found PythonInterp: /usr/bin/python3 (found suitable version "3.8.10", minimum required is "3") 
[1.067s] -- Using PYTHON_EXECUTABLE: /usr/bin/python3
[1.132s] -- Found std_msgs: 2.2.4 (/opt/ros/galactic/share/std_msgs/cmake)
[1.155s] -- Using all available rosidl_typesupport_c: rosidl_typesupport_fastrtps_c;rosidl_typesupport_introspection_c
[1.161s] -- Found rosidl_adapter: 2.2.3 (/opt/ros/galactic/share/rosidl_adapter/cmake)
[1.226s] -- Found OpenSSL: /usr/lib/x86_64-linux-gnu/libcrypto.so (found version "1.1.1f")  
[1.249s] -- Found FastRTPS: /opt/ros/galactic/include  
[1.311s] -- Using all available rosidl_typesupport_cpp: rosidl_typesupport_fastrtps_cpp;rosidl_typesupport_introspection_cpp
[1.346s] -- Found rosidl_default_generators: 1.1.1 (/opt/ros/galactic/share/rosidl_default_generators/cmake)
[1.355s] -- Found ament_lint_auto: 0.10.7 (/opt/ros/galactic/share/ament_lint_auto/cmake)
[1.392s] Error parsing '/home/keny/MANOS_ws/src/hand_detector_package/package.xml':
[1.460s] Traceback (most recent call last):
[1.460s]   File "/usr/lib/python3/dist-packages/catkin_pkg/package.py", line 610, in parse_package_string
[1.461s]     root = dom.parseString(data)
[1.461s]   File "/usr/lib/python3.8/xml/dom/minidom.py", line 1969, in parseString
[1.461s]     return expatbuilder.parseString(string)
[1.461s]   File "/usr/lib/python3.8/xml/dom/expatbuilder.py", line 925, in parseString
[1.461s]     return builder.parseString(string)
[1.461s]   File "/usr/lib/python3.8/xml/dom/expatbuilder.py", line 223, in parseString
[1.461s]     parser.Parse(string, True)
[1.461s] xml.parsers.expat.ExpatError: mismatched tag: line 28, column 2
[1.461s] 
[1.461s] During handling of the above exception, another exception occurred:
[1.461s] 
[1.461s] Traceback (most recent call last):
[1.461s]   File "/opt/ros/galactic/share/ament_cmake_core/cmake/core/package_xml_2_cmake.py", line 151, in <module>
[1.461s]     main()
[1.461s]   File "/opt/ros/galactic/share/ament_cmake_core/cmake/core/package_xml_2_cmake.py", line 54, in main
[1.461s]     raise e
[1.461s]   File "/opt/ros/galactic/share/ament_cmake_core/cmake/core/package_xml_2_cmake.py", line 50, in main
[1.461s]     package = parse_package_string(
[1.461s]   File "/usr/lib/python3/dist-packages/catkin_pkg/package.py", line 612, in parse_package_string
[1.461s]     raise InvalidPackage('The manifest contains invalid XML:\n%s' % ex, filename)
[1.462s] catkin_pkg.package.InvalidPackage: Error(s) in package '/home/keny/MANOS_ws/src/hand_detector_package/package.xml':
[1.462s] The manifest contains invalid XML:
[1.462s] mismatched tag: line 28, column 2
[1.471s] [31mCMake Error at /opt/ros/galactic/share/ament_cmake_core/cmake/core/ament_package_xml.cmake:94 (message):
[1.472s]   execute_process(/usr/bin/python3
[1.472s]   /opt/ros/galactic/share/ament_cmake_core/cmake/core/package_xml_2_cmake.py
[1.472s]   /home/keny/MANOS_ws/src/hand_detector_package/package.xml
[1.472s]   /home/keny/MANOS_ws/build/hand_detector/ament_cmake_core/package.cmake)
[1.472s]   returned error code 1
[1.472s] Call Stack (most recent call first):
[1.472s]   /opt/ros/galactic/share/ament_cmake_core/cmake/core/ament_package_xml.cmake:49 (_ament_package_xml)
[1.472s]   /opt/ros/galactic/share/ament_lint_auto/cmake/ament_lint_auto_find_test_dependencies.cmake:31 (ament_package_xml)
[1.472s]   CMakeLists.txt:26 (ament_lint_auto_find_test_dependencies)
[1.472s] 
[1.472s] [0m
[1.472s] -- Configuring incomplete, errors occurred!
[1.472s] See also "/home/keny/MANOS_ws/build/hand_detector/CMakeFiles/CMakeOutput.log".
[1.477s] Invoked command in '/home/keny/MANOS_ws/build/hand_detector' returned '1': /usr/bin/cmake /home/keny/MANOS_ws/src/hand_detector_package -DCMAKE_INSTALL_PREFIX=/home/keny/MANOS_ws/install/hand_detector
