[0.017s] Invoking command in '/home/keny/MANOS_ws/build/hand_detector': /usr/bin/cmake /home/keny/MANOS_ws/src/hand_detector_package -DCMAKE_INSTALL_PREFIX=/home/keny/MANOS_ws/install/hand_detector
[0.023s] -- Found ament_cmake: 1.1.6 (/opt/ros/galactic/share/ament_cmake/cmake)
[0.043s] -- Using PYTHON_EXECUTABLE: /usr/bin/python3
[0.097s] -- Found std_msgs: 2.2.4 (/opt/ros/galactic/share/std_msgs/cmake)
[0.114s] -- Using all available rosidl_typesupport_c: rosidl_typesupport_fastrtps_c;rosidl_typesupport_introspection_c
[0.116s] -- Found rosidl_adapter: 2.2.3 (/opt/ros/galactic/share/rosidl_adapter/cmake)
[0.204s] -- Using all available rosidl_typesupport_cpp: rosidl_typesupport_fastrtps_cpp;rosidl_typesupport_introspection_cpp
[0.233s] -- Found rosidl_default_generators: 1.1.1 (/opt/ros/galactic/share/rosidl_default_generators/cmake)
[0.242s] -- Found ament_lint_auto: 0.10.7 (/opt/ros/galactic/share/ament_lint_auto/cmake)
[0.279s] Error parsing '/home/keny/MANOS_ws/src/hand_detector_package/package.xml':
[0.344s] Traceback (most recent call last):
[0.344s]   File "/usr/lib/python3/dist-packages/catkin_pkg/package.py", line 610, in parse_package_string
[0.344s]     root = dom.parseString(data)
[0.344s]   File "/usr/lib/python3.8/xml/dom/minidom.py", line 1969, in parseString
[0.345s]     return expatbuilder.parseString(string)
[0.345s]   File "/usr/lib/python3.8/xml/dom/expatbuilder.py", line 925, in parseString
[0.345s]     return builder.parseString(string)
[0.345s]   File "/usr/lib/python3.8/xml/dom/expatbuilder.py", line 223, in parseString
[0.345s]     parser.Parse(string, True)
[0.345s] xml.parsers.expat.ExpatError: mismatched tag: line 28, column 2
[0.345s] 
[0.345s] During handling of the above exception, another exception occurred:
[0.345s] 
[0.345s] Traceback (most recent call last):
[0.345s]   File "/opt/ros/galactic/share/ament_cmake_core/cmake/core/package_xml_2_cmake.py", line 151, in <module>
[0.345s]     main()
[0.345s]   File "/opt/ros/galactic/share/ament_cmake_core/cmake/core/package_xml_2_cmake.py", line 54, in main
[0.345s]     raise e
[0.345s]   File "/opt/ros/galactic/share/ament_cmake_core/cmake/core/package_xml_2_cmake.py", line 50, in main
[0.345s]     package = parse_package_string(
[0.345s]   File "/usr/lib/python3/dist-packages/catkin_pkg/package.py", line 612, in parse_package_string
[0.345s]     raise InvalidPackage('The manifest contains invalid XML:\n%s' % ex, filename)
[0.345s] catkin_pkg.package.InvalidPackage: Error(s) in package '/home/keny/MANOS_ws/src/hand_detector_package/package.xml':
[0.345s] The manifest contains invalid XML:
[0.345s] mismatched tag: line 28, column 2
[0.355s] [31mCMake Error at /opt/ros/galactic/share/ament_cmake_core/cmake/core/ament_package_xml.cmake:94 (message):
[0.356s]   execute_process(/usr/bin/python3
[0.356s]   /opt/ros/galactic/share/ament_cmake_core/cmake/core/package_xml_2_cmake.py
[0.356s]   /home/keny/MANOS_ws/src/hand_detector_package/package.xml
[0.356s]   /home/keny/MANOS_ws/build/hand_detector/ament_cmake_core/package.cmake)
[0.356s]   returned error code 1
[0.356s] Call Stack (most recent call first):
[0.356s]   /opt/ros/galactic/share/ament_cmake_core/cmake/core/ament_package_xml.cmake:49 (_ament_package_xml)
[0.356s]   /opt/ros/galactic/share/ament_lint_auto/cmake/ament_lint_auto_find_test_dependencies.cmake:31 (ament_package_xml)
[0.356s]   CMakeLists.txt:25 (ament_lint_auto_find_test_dependencies)
[0.356s] 
[0.356s] [0m
[0.356s] -- Configuring incomplete, errors occurred!
[0.356s] See also "/home/keny/MANOS_ws/build/hand_detector/CMakeFiles/CMakeOutput.log".
[0.711s] Invoked command in '/home/keny/MANOS_ws/build/hand_detector' returned '1': /usr/bin/cmake /home/keny/MANOS_ws/src/hand_detector_package -DCMAKE_INSTALL_PREFIX=/home/keny/MANOS_ws/install/hand_detector
